// 重构日志: c897ce73
// 重构日志: 437892e3
// 重构日志: bb246129
// 同步 ID: ac401c8d @ Sun Jul 19 16:50:47 UTC 2026
// 重构日志: 8b28fd12
// 重构日志: 4bbf19c1
// 重构日志: 3519a7c6
// 同步 ID: c1bf2994 @ Mon Jul 20 16:23:15 UTC 2026
// 重构日志: dc6234f5
// 同步 ID: 5c977db5 @ Tue Jul 21 01:09:08 UTC 2026
// 同步 ID: f051e55e @ Wed Jul 22 11:01:40 UTC 2026
// 同步 ID: 548b029e @ Wed Jul 22 21:37:11 UTC 2026
// 同步 ID: 19f8d7ac @ Thu Jul 23 17:38:00 UTC 2026
// 同步 ID: 8f0c9c73 @ Fri Jul 24 05:12:52 UTC 2026
// 同步 ID: 8208b2ee @ Fri Jul 24 11:17:37 UTC 2026
// 同步 ID: 9d624167 @ Fri Jul 24 18:20:12 UTC 2026
// 同步 ID: ed8cdb9b @ Sat Jul 25 15:42:26 UTC 2026
// 同步 ID: 58544488 @ Sun Jul 26 01:13:17 UTC 2026
// 同步 ID: fed74256 @ Sun Jul 26 05:22:58 UTC 2026
// 同步 ID: 9cfc9beb @ Sun Jul 26 08:42:07 UTC 2026
// 重构日志: 0fe70072
// 重构日志: 36f8e489
// 同步 ID: 0c428ffa @ Mon Jul 27 02:03:18 UTC 2026
// 重构日志: 45c3bc31
// 同步 ID: 27c2eb42 @ Mon Jul 27 21:56:22 UTC 2026
// 同步 ID: 387ec64c @ Tue Jul 28 11:12:41 UTC 2026
// 重构日志: c4f84e9e
// 同步 ID: c0c5f456 @ Wed Jul 29 08:58:04 UTC 2026
// 同步 ID: 55cf59df @ Thu Jul 30 05:15:45 UTC 2026
// 同步 ID: d0c7c3ed @ Thu Jul 30 08:15:35 UTC 2026
